 Process in group number            1
 No PDF is used, alpha_s(MZ) from param_card is used
 Value of alpha_s from param_card:   0.11799999999999999     
 The default order of alpha_s running is fixed to            2
 Define smin to   900.00000000000000     
 *****************************************************
 *               MadGraph/MadEvent                   *
 *        --------------------------------           *
 *          http://madgraph.hep.uiuc.edu             *
 *          http://madgraph.phys.ucl.ac.be           *
 *          http://madgraph.roma2.infn.it            *
 *        --------------------------------           *
 *                                                   *
 *          PARAMETER AND COUPLING VALUES            *
 *                                                   *
 *****************************************************

  External Params
  ---------------------------------
  
 aEWM1 =    132.50700000000001     
 mdl_Gf =    1.1663900000000000E-005
 aS =   0.11799999999999999     
 mdl_ymb =    4.7000000000000002     
 mdl_ymt =    173.00000000000000     
 mdl_ymtau =    1.7769999999999999     
 mdl_MZ =    91.188000000000002     
 mdl_MT =    173.00000000000000     
 mdl_MB =    4.7000000000000002     
 mdl_MH =    125.00000000000000     
 mdl_MTA =    1.7769999999999999     
 mdl_WZ =    2.4414039999999999     
 mdl_WW =    2.0476000000000001     
 mdl_WT =    1.4915000000000000     
 mdl_WH =    6.3823389999999999E-003
  Internal Params
  ---------------------------------
  
 mdl_conjg__CKM1x1 =    1.0000000000000000     
 mdl_conjg__CKM3x3 =    1.0000000000000000     
 mdl_CKM3x3 =    1.0000000000000000     
 mdl_complexi =                (0.0000000000000000,1.0000000000000000)
 mdl_MZ__exp__2 =    8315.2513440000002     
 mdl_MZ__exp__4 =    69143404.913893804     
 mdl_sqrt__2 =    1.4142135623730951     
 mdl_MH__exp__2 =    15625.000000000000     
 mdl_aEW =    7.5467711139788835E-003
 mdl_MW =    80.419002445756163     
 mdl_sqrt__aEW =    8.6872153846781555E-002
 mdl_ee =   0.30795376724436879     
 mdl_MW__exp__2 =    6467.2159543705357     
 mdl_sw2 =   0.22224648578577766     
 mdl_cw =   0.88190334743339216     
 mdl_sqrt__sw2 =   0.47143025548407230     
 mdl_sw =   0.47143025548407230     
 mdl_g1 =   0.34919219678733299     
 mdl_gw =   0.65323293034757990     
 mdl_vev =    246.21845810181637     
 mdl_vev__exp__2 =    60623.529110035903     
 mdl_lam =   0.12886910601690263     
 mdl_yb =    2.6995554250465490E-002
 mdl_yt =   0.99366614581500623     
 mdl_ytau =    1.0206617000654717E-002
 mdl_muH =    88.388347648318430     
 mdl_I1x33 =          (2.69955542504654901E-002,0.0000000000000000)
 mdl_I2x33 =               (0.99366614581500623,0.0000000000000000)
 mdl_I3x33 =               (0.99366614581500623,0.0000000000000000)
 mdl_I4x33 =          (2.69955542504654901E-002,0.0000000000000000)
 mdl_ee__exp__2 =    9.4835522759998875E-002
 mdl_sw__exp__2 =   0.22224648578577769     
 mdl_cw__exp__2 =   0.77775351421422245     
  Internal Params evaluated point by point
  ----------------------------------------
  
 mdl_sqrt__aS =   0.34351128074635334     
 mdl_G__exp__2 =    1.4828317324943823     
  Couplings of sm
  ---------------------------------
  
         GC_3 =  -0.00000E+00  -0.30795E+00
        GC_50 =  -0.00000E+00  -0.28804E+00
        GC_59 =   0.00000E+00   0.82310E-01

 Collider parameters:
 --------------------

 Running at e e   machine @    350.00000000000000       GeV
 PDF set = none   
 alpha_s(Mz)= 0.1180 running at 2 loops.
 alpha_s(Mz)= 0.1180 running at 2 loops.
 Renormalization scale set on event-by-event basis
 Factorization   scale set on event-by-event basis


 getting user params
Enter number of events and max and min iterations: 
 Number of events and iterations         1000           5           3
Enter desired fractional accuracy: 
 Desired fractional accuracy:   0.10000000000000001     
Enter 0 for fixed, 2 for adjustable grid: 
Suppress amplitude (0 no, 1 yes)? 
 Using suppressed amplitude.
Exact helicity sum (0 yes, n = number/event)? 
 Explicitly summing over helicities
Enter Configuration Number: 
Running Configuration Number:    5
 Not subdividing B.W.
 Attempting mappinvarients           1           6
 Determine nb_t
 T-channel found:            0
 Completed mapping           6
 about to integrate            8        1000           5           3           8           1
 Using non-zero grid deformation.
  8 dimensions   1000 events  8 invarients  5 iterations  1 config(s),  (0.99)
 Using h-tuple random number sequence.
 Error opening grid
 Using Uniform Grid!          24
 Using uniform alpha   1.0000000000000000     
 Grid defined OK
 Masses: 0.000E+00 0.000E+00 0.000E+00 0.000E+00 0.000E+00 0.000E+00
 Set CM energy to        350.00
 Mapping Graph           5  to config           5
 Determine nb_t
 T-channel found:            0
Setting grid   1    0.10449E-03   1
Setting grid   2    0.10449E-03   1
 Setting PDF BW           9           1   91.188000000000002     
Using random seed offsets     5 :      1
  with seed                   24
 Ranmar initialization seeds       31063        9398
 
 ********************************************
 * You are using the DiscreteSampler module *
 *      part of the MG5_aMC framework       *
 *         Author: Valentin Hirschi         *
 ********************************************
 
  Particle       3       4       5       6
      Et >    10.0    10.0    10.0    10.0
       E >     0.0     0.0     0.0     0.0
     Eta <     2.5     2.5     2.5     2.5
   xqcut:      0.0     0.0     0.0     0.0
d R # 3  >    -0.0     0.4     0.4     0.4
d R # 4  >    -0.0    -0.0     0.4     0.4
d R # 5  >    -0.0    -0.0    -0.0     0.4
s min # 3>     0.0     0.0     0.0     0.0
s min # 4>     0.0     0.0     0.0     0.0
s min # 5>     0.0     0.0     0.0     0.0
xqcutij # 3>     0.0     0.0     0.0     0.0
xqcutij # 4>     0.0     0.0     0.0     0.0
xqcutij # 5>     0.0     0.0     0.0     0.0
 No cut BW           -3           1
 alpha_s for scale    350.00000000000000       is    9.8168900962843308E-002
 RESET CUMULATIVE VARIABLE
 Iteration  1   Mean: 0.4329E-05 Abs mean: 0.4329E-05   Fluctuation:  0.235E-05   0.231E-02    37.3%
  1    0.4329E-05 0.4329E-05 +- 0.2351E-05     17.17
 Writing out events   2.3187221698089357E-009   17.169317948341366     
 Relative summed weights:
  0.0000E+00  0.0000E+00
  0.6979E+00  0.0000E+00
  0.7992E-01  0.0000E+00
  0.3070E-06  0.0000E+00
  0.1033E-02  0.0000E+00
  0.6209E-01  0.0000E+00
  0.3045E-03  0.0000E+00
  0.1588E+00  0.0000E+00
 Relative number of events:
  0.0000E+00  0.0000E+00
  0.2270E+00  0.0000E+00
  0.2488E+00  0.0000E+00
  0.9911E-03  0.0000E+00
  0.3964E-02  0.0000E+00
  0.2686E+00  0.0000E+00
  0.1982E-02  0.0000E+00
  0.2488E+00  0.0000E+00
 Events:
           0           0
         229           0
         251           0
           1           0
           4           0
         271           0
           2           0
         251           0
 Iteration  2   Mean: 0.7799E-05 Abs mean: 0.7799E-05   Fluctuation:  0.370E-05   0.611E-02    32.6%
  2    0.7799E-05 0.7799E-05 +- 0.3701E-05     21.22
 Relative summed weights:
  0.9246E-03  0.0000E+00
  0.2724E+00  0.0000E+00
  0.3783E-01  0.0000E+00
  0.4854E+00  0.0000E+00
  0.6719E-01  0.0000E+00
  0.4543E-01  0.0000E+00
  0.4619E-02  0.0000E+00
  0.8620E-01  0.0000E+00
 Relative number of events:
  0.1001E-02  0.0000E+00
  0.2462E+00  0.0000E+00
  0.2588E+00  0.0000E+00
  0.1502E-02  0.0000E+00
  0.1502E-02  0.0000E+00
  0.2497E+00  0.0000E+00
  0.1502E-02  0.0000E+00
  0.2397E+00  0.0000E+00
 Events:
           2           0
         492           0
         517           0
           3           0
           3           0
         499           0
           3           0
         479           0
 Iteration  3   Mean: 0.4850E-05 Abs mean: 0.4851E-05   Fluctuation:  0.193E-05   0.744E-02    26.1%
  3    0.4850E-05 0.4851E-05 +- 0.1930E-05     25.16
 Relative summed weights:
  0.5072E-01  0.0000E+00
  0.1404E+00  0.0000E+00
  0.1075E+00  0.0000E+00
  0.3148E-01  0.0000E+00
  0.3174E-01  0.0000E+00
  0.1382E+00  0.0000E+00
  0.3984E+00  0.0000E+00
  0.1015E+00  0.0000E+00
 Relative number of events:
  0.1001E-02  0.0000E+00
  0.2421E+00  0.0000E+00
  0.2533E+00  0.0000E+00
  0.1752E-02  0.0000E+00
  0.1502E-02  0.0000E+00
  0.2438E+00  0.0000E+00
  0.2253E-02  0.0000E+00
  0.2543E+00  0.0000E+00
 Events:
           4           0
         967           0
        1012           0
           7           0
           6           0
         974           0
           9           0
        1016           0
 Accuracy:    0.184   0.100   0.266   0.477
 Found          220  events.
 Wrote            2  events.
 Actual xsec    5.6506055543039326E-006
 Correct abs xsec    5.6506479349977288E-006
 Event xsec    5.6506479349977296E-006
 Events wgts > 1:            1
 % Cross section > 1:    3.3473896397795411E-013   5.9239040872591297E-006
 Iteration  4   Mean: 0.2958E-05 Abs mean: 0.2958E-05   Fluctuation:  0.749E-06   0.572E-02    28.6%
  4    0.2958E-05 0.2958E-05 +- 0.7486E-06     22.64
 Relative summed weights:
  0.3071E+00  0.0000E+00
  0.1263E+00  0.0000E+00
  0.1861E+00  0.0000E+00
  0.3836E-01  0.0000E+00
  0.1747E-01  0.0000E+00
  0.1384E+00  0.0000E+00
  0.5398E-01  0.0000E+00
  0.1323E+00  0.0000E+00
 Relative number of events:
  0.8755E-03  0.0000E+00
  0.2483E+00  0.0000E+00
  0.2498E+00  0.0000E+00
  0.1376E-02  0.0000E+00
  0.3752E-03  0.0000E+00
  0.2507E+00  0.0000E+00
  0.1876E-02  0.0000E+00
  0.2468E+00  0.0000E+00
 Events:
           7           0
        1985           0
        1997           0
          11           0
           3           0
        2004           0
          15           0
        1973           0
 Accuracy:    0.229   0.100   0.183   1.564
 Found          585  events.
 Wrote            4  events.
 Actual xsec    4.2264401794842429E-006
 Correct abs xsec    4.2264918537521823E-006
 Event xsec    4.2264918537521823E-006
 Events wgts > 1:            0
 % Cross section > 1:    0.0000000000000000        0.0000000000000000     
 Iteration  5   Mean: 0.6331E-05 Abs mean: 0.6331E-05   Fluctuation:  0.247E-05   0.381E-01    27.1%
  5    0.6331E-05 0.6331E-05 +- 0.2473E-05     49.40
 Relative summed weights:
  0.4127E+00  0.0000E+00
  0.6641E-01  0.0000E+00
  0.8657E-01  0.0000E+00
  0.6883E-01  0.0000E+00
  0.1150E+00  0.0000E+00
  0.1157E+00  0.0000E+00
  0.7920E-02  0.0000E+00
  0.1269E+00  0.0000E+00
 Relative number of events:
  0.1376E-02  0.0000E+00
  0.2474E+00  0.0000E+00
  0.2478E+00  0.0000E+00
  0.1563E-02  0.0000E+00
  0.1938E-02  0.0000E+00
  0.2488E+00  0.0000E+00
  0.7504E-03  0.0000E+00
  0.2503E+00  0.0000E+00
 Events:
          22           0
        3957           0
        3963           0
          25           0
          31           0
        3979           0
          12           0
        4003           0
 Accuracy:    0.187   0.100   0.166   1.265
 Found         1789  events.
 Wrote            2  events.
 Actual xsec    4.1540339789107126E-006
 Correct abs xsec    4.1540801328162078E-006
 Event xsec    4.1540801328162078E-006
 Events wgts > 1:            1
 % Cross section > 1:    1.1070702409405339E-013   2.6650189826502197E-006

 -------------------------------------------------------------------------------
 Accumulated results:   Integral =  0.4616E-05
                        Std dev  =  0.7659E-06
                       Cross sec =  0.4616E-05
             Chi**2 per DoF.     =      1.2651
 -------------------------------------------------------------------------------
-------------------------------------------------
---------------------------
 Results Last   3 iters: Integral =   0.4154E-05
                     Abs integral =   0.4154E-05
                          Std dev =   0.7783E-06
                  Chi**2 per DoF. =      1.7296
-------------------------------------------------
---------------------------
 Status  0.10000000000000001                6           5

ls status:
events.lhe
ftn26
input_app.txt
results.dat
run1_app.log
