 Process in group number            1
 No PDF is used, alpha_s(MZ) from param_card is used
 Value of alpha_s from param_card:   0.11799999999999999     
 The default order of alpha_s running is fixed to            2
 Define smin to   900.00000000000000     
 *****************************************************
 *               MadGraph/MadEvent                   *
 *        --------------------------------           *
 *          http://madgraph.hep.uiuc.edu             *
 *          http://madgraph.phys.ucl.ac.be           *
 *          http://madgraph.roma2.infn.it            *
 *        --------------------------------           *
 *                                                   *
 *          PARAMETER AND COUPLING VALUES            *
 *                                                   *
 *****************************************************

  External Params
  ---------------------------------
  
 aEWM1 =    132.50700000000001     
 mdl_Gf =    1.1663900000000000E-005
 aS =   0.11799999999999999     
 mdl_ymb =    4.7000000000000002     
 mdl_ymt =    173.00000000000000     
 mdl_ymtau =    1.7769999999999999     
 mdl_MZ =    91.188000000000002     
 mdl_MT =    173.00000000000000     
 mdl_MB =    4.7000000000000002     
 mdl_MH =    125.00000000000000     
 mdl_MTA =    1.7769999999999999     
 mdl_WZ =    2.4414039999999999     
 mdl_WW =    2.0476000000000001     
 mdl_WT =    1.4915000000000000     
 mdl_WH =    6.3823389999999999E-003
  Internal Params
  ---------------------------------
  
 mdl_conjg__CKM1x1 =    1.0000000000000000     
 mdl_conjg__CKM3x3 =    1.0000000000000000     
 mdl_CKM3x3 =    1.0000000000000000     
 mdl_complexi =                (0.0000000000000000,1.0000000000000000)
 mdl_MZ__exp__2 =    8315.2513440000002     
 mdl_MZ__exp__4 =    69143404.913893804     
 mdl_sqrt__2 =    1.4142135623730951     
 mdl_MH__exp__2 =    15625.000000000000     
 mdl_aEW =    7.5467711139788835E-003
 mdl_MW =    80.419002445756163     
 mdl_sqrt__aEW =    8.6872153846781555E-002
 mdl_ee =   0.30795376724436879     
 mdl_MW__exp__2 =    6467.2159543705357     
 mdl_sw2 =   0.22224648578577766     
 mdl_cw =   0.88190334743339216     
 mdl_sqrt__sw2 =   0.47143025548407230     
 mdl_sw =   0.47143025548407230     
 mdl_g1 =   0.34919219678733299     
 mdl_gw =   0.65323293034757990     
 mdl_vev =    246.21845810181637     
 mdl_vev__exp__2 =    60623.529110035903     
 mdl_lam =   0.12886910601690263     
 mdl_yb =    2.6995554250465490E-002
 mdl_yt =   0.99366614581500623     
 mdl_ytau =    1.0206617000654717E-002
 mdl_muH =    88.388347648318430     
 mdl_I1x33 =          (2.69955542504654901E-002,0.0000000000000000)
 mdl_I2x33 =               (0.99366614581500623,0.0000000000000000)
 mdl_I3x33 =               (0.99366614581500623,0.0000000000000000)
 mdl_I4x33 =          (2.69955542504654901E-002,0.0000000000000000)
 mdl_ee__exp__2 =    9.4835522759998875E-002
 mdl_sw__exp__2 =   0.22224648578577769     
 mdl_cw__exp__2 =   0.77775351421422245     
  Internal Params evaluated point by point
  ----------------------------------------
  
 mdl_sqrt__aS =   0.34351128074635334     
 mdl_G__exp__2 =    1.4828317324943823     
  Couplings of sm
  ---------------------------------
  
         GC_3 =  -0.00000E+00  -0.30795E+00
        GC_50 =  -0.00000E+00  -0.28804E+00
        GC_59 =   0.00000E+00   0.82310E-01

 Collider parameters:
 --------------------

 Running at e e   machine @    350.00000000000000       GeV
 PDF set = none   
 alpha_s(Mz)= 0.1180 running at 2 loops.
 alpha_s(Mz)= 0.1180 running at 2 loops.
 Renormalization scale set on event-by-event basis
 Factorization   scale set on event-by-event basis


 getting user params
Enter number of events and max and min iterations: 
 Number of events and iterations         1000           5           3
Enter desired fractional accuracy: 
 Desired fractional accuracy:   0.10000000000000001     
Enter 0 for fixed, 2 for adjustable grid: 
Suppress amplitude (0 no, 1 yes)? 
 Using suppressed amplitude.
Exact helicity sum (0 yes, n = number/event)? 
 Explicitly summing over helicities
Enter Configuration Number: 
Running Configuration Number:    3
 Not subdividing B.W.
 Attempting mappinvarients           1           6
 Determine nb_t
 T-channel found:            0
 Completed mapping           6
 about to integrate            8        1000           5           3           8           1
 Using non-zero grid deformation.
  8 dimensions   1000 events  8 invarients  5 iterations  1 config(s),  (0.99)
 Using h-tuple random number sequence.
 Error opening grid
 Using Uniform Grid!          24
 Using uniform alpha   1.0000000000000000     
 Grid defined OK
 Masses: 0.000E+00 0.000E+00 0.000E+00 0.000E+00 0.000E+00 0.000E+00
 Set CM energy to        350.00
 Mapping Graph           3  to config           3
 Determine nb_t
 T-channel found:            0
 Setting BW          -1           1   91.188000000000002     
Setting grid   2    0.10449E-03   1
Setting grid   3    0.10449E-03   1
Using random seed offsets     3 :      1
  with seed                   24
 Ranmar initialization seeds       31061        9398
 
 ********************************************
 * You are using the DiscreteSampler module *
 *      part of the MG5_aMC framework       *
 *         Author: Valentin Hirschi         *
 ********************************************
 
  Particle       3       4       5       6
      Et >    10.0    10.0    10.0    10.0
       E >     0.0     0.0     0.0     0.0
     Eta <     2.5     2.5     2.5     2.5
   xqcut:      0.0     0.0     0.0     0.0
d R # 3  >    -0.0     0.4     0.4     0.4
d R # 4  >    -0.0    -0.0     0.4     0.4
d R # 5  >    -0.0    -0.0    -0.0     0.4
s min # 3>     0.0     0.0     0.0     0.0
s min # 4>     0.0     0.0     0.0     0.0
s min # 5>     0.0     0.0     0.0     0.0
xqcutij # 3>     0.0     0.0     0.0     0.0
xqcutij # 4>     0.0     0.0     0.0     0.0
xqcutij # 5>     0.0     0.0     0.0     0.0
 No cut BW           -1           1
 alpha_s for scale    175.39067735369011       is   0.10742589636402547     
 RESET CUMULATIVE VARIABLE
 Iteration  1   Mean: 0.5682E-06 Abs mean: 0.5682E-06   Fluctuation:  0.455E-06   0.451E-03    74.6%
  1    0.5682E-06 0.5682E-06 +- 0.4548E-06     25.31
 Writing out events   1.5228092304350444E-010   25.311405605769366     
 Relative summed weights:
  0.8039E+00  0.0000E+00
  0.6594E-02  0.0000E+00
  0.4962E-02  0.0000E+00
  0.6274E-02  0.0000E+00
  0.1123E+00  0.0000E+00
  0.1532E-01  0.0000E+00
  0.4500E-02  0.0000E+00
  0.4615E-01  0.0000E+00
 Relative number of events:
  0.1526E+00  0.0000E+00
  0.8821E-01  0.0000E+00
  0.1130E+00  0.0000E+00
  0.1328E+00  0.0000E+00
  0.1625E+00  0.0000E+00
  0.9911E-01  0.0000E+00
  0.1606E+00  0.0000E+00
  0.9118E-01  0.0000E+00
 Events:
         154           0
          89           0
         114           0
         134           0
         164           0
         100           0
         162           0
          92           0
 Iteration  2   Mean: 0.2837E-06 Abs mean: 0.2837E-06   Fluctuation:  0.102E-06   0.160E-03    74.9%
  2    0.2837E-06 0.2837E-06 +- 0.1024E-06     16.15
 Relative summed weights:
  0.6364E-01  0.0000E+00
  0.2134E+00  0.0000E+00
  0.1011E+00  0.0000E+00
  0.1614E+00  0.0000E+00
  0.2175E-01  0.0000E+00
  0.4442E-01  0.0000E+00
  0.3141E+00  0.0000E+00
  0.8021E-01  0.0000E+00
 Relative number of events:
  0.1465E+00  0.0000E+00
  0.1060E+00  0.0000E+00
  0.9750E-01  0.0000E+00
  0.1500E+00  0.0000E+00
  0.1520E+00  0.0000E+00
  0.9250E-01  0.0000E+00
  0.1530E+00  0.0000E+00
  0.1025E+00  0.0000E+00
 Events:
         293           0
         212           0
         195           0
         300           0
         304           0
         185           0
         306           0
         205           0
 Iteration  3   Mean: 0.9422E-06 Abs mean: 0.9422E-06   Fluctuation:  0.221E-06   0.568E-03    72.1%
  3    0.9422E-06 0.9422E-06 +- 0.2214E-06     14.86
 Relative summed weights:
  0.1425E+00  0.0000E+00
  0.7871E-01  0.0000E+00
  0.8260E-01  0.0000E+00
  0.2353E+00  0.0000E+00
  0.9375E-01  0.0000E+00
  0.6442E-01  0.0000E+00
  0.1203E+00  0.0000E+00
  0.1824E+00  0.0000E+00
 Relative number of events:
  0.1495E+00  0.0000E+00
  0.1005E+00  0.0000E+00
  0.1070E+00  0.0000E+00
  0.1497E+00  0.0000E+00
  0.1437E+00  0.0000E+00
  0.1030E+00  0.0000E+00
  0.1475E+00  0.0000E+00
  0.9900E-01  0.0000E+00
 Events:
         598           0
         402           0
         428           0
         599           0
         575           0
         412           0
         590           0
         396           0
 Accuracy:    0.284   0.100   0.191   2.198
 Found          202  events.
 Wrote            7  events.
 Actual xsec    7.3614473249516020E-007
 Correct abs xsec    7.3614473249516020E-007
 Event xsec    7.3614473249516020E-007
 Events wgts > 1:            1
 % Cross section > 1:    1.8893293412561016E-014   2.5665188621974183E-006
 Iteration  4   Mean: 0.4526E-05 Abs mean: 0.4526E-05   Fluctuation:  0.215E-05   0.167E-01    63.0%
  4    0.4526E-05 0.4526E-05 +- 0.2153E-05     42.54
 Relative summed weights:
  0.2560E-01  0.0000E+00
  0.4813E+00  0.0000E+00
  0.1679E+00  0.0000E+00
  0.1152E+00  0.0000E+00
  0.5210E-01  0.0000E+00
  0.3282E-01  0.0000E+00
  0.6566E-01  0.0000E+00
  0.5947E-01  0.0000E+00
 Relative number of events:
  0.1496E+00  0.0000E+00
  0.9614E-01  0.0000E+00
  0.1060E+00  0.0000E+00
  0.1465E+00  0.0000E+00
  0.1515E+00  0.0000E+00
  0.1049E+00  0.0000E+00
  0.1450E+00  0.0000E+00
  0.1003E+00  0.0000E+00
 Events:
        1197           0
         769           0
         848           0
        1172           0
        1212           0
         839           0
        1160           0
         802           0
 Accuracy:    0.612   0.100   0.177  11.908
 Found          418  events.
 Wrote            4  events.
 Actual xsec    1.2996859508283898E-006
 Correct abs xsec    1.2996859515472127E-006
 Event xsec    1.2996859515472125E-006
 Events wgts > 1:            1
 % Cross section > 1:    5.6747668827082290E-014   4.3662600768691062E-006
 Iteration  5   Mean: 0.2862E-05 Abs mean: 0.2862E-05   Fluctuation:  0.350E-06   0.284E-02    48.1%
  5    0.2862E-05 0.2862E-05 +- 0.3496E-06     15.45
 Relative summed weights:
  0.1054E+00  0.0000E+00
  0.1569E+00  0.0000E+00
  0.1499E+00  0.0000E+00
  0.8433E-01  0.0000E+00
  0.2005E+00  0.0000E+00
  0.1286E+00  0.0000E+00
  0.8740E-01  0.0000E+00
  0.8694E-01  0.0000E+00
 Relative number of events:
  0.1433E+00  0.0000E+00
  0.1074E+00  0.0000E+00
  0.1023E+00  0.0000E+00
  0.1489E+00  0.0000E+00
  0.1486E+00  0.0000E+00
  0.1045E+00  0.0000E+00
  0.1437E+00  0.0000E+00
  0.1013E+00  0.0000E+00
 Events:
        2292           0
        1718           0
        1637           0
        2382           0
        2377           0
        1671           0
        2298           0
        1620           0
 Accuracy:    0.227   0.100   0.101   5.082
 Found          746  events.
 Wrote           17  events.
 Actual xsec    2.5561979810300942E-006
 Correct abs xsec    2.5561979812909393E-006
 Event xsec    2.5561979812909397E-006
 Events wgts > 1:            1
 % Cross section > 1:    4.4302184325149718E-014   1.7331280538284473E-006

 -------------------------------------------------------------------------------
 Accumulated results:   Integral =  0.2348E-05
                        Std dev  =  0.2363E-06
                       Cross sec =  0.2348E-05
             Chi**2 per DoF.     =      5.0824
 -------------------------------------------------------------------------------
-------------------------------------------------
---------------------------
 Results Last   3 iters: Integral =   0.2556E-05
                     Abs integral =   0.2556E-05
                          Std dev =   0.2701E-06
                  Chi**2 per DoF. =     27.3756
-------------------------------------------------
---------------------------
 Status  0.10000000000000001                6           5

ls status:
events.lhe
ftn26
input_app.txt
results.dat
run1_app.log
