 Process in group number            1
 No PDF is used, alpha_s(MZ) from param_card is used
 Value of alpha_s from param_card:   0.11799999999999999     
 The default order of alpha_s running is fixed to            2
 Define smin to   900.00000000000000     
 *****************************************************
 *               MadGraph/MadEvent                   *
 *        --------------------------------           *
 *          http://madgraph.hep.uiuc.edu             *
 *          http://madgraph.phys.ucl.ac.be           *
 *          http://madgraph.roma2.infn.it            *
 *        --------------------------------           *
 *                                                   *
 *          PARAMETER AND COUPLING VALUES            *
 *                                                   *
 *****************************************************

  External Params
  ---------------------------------
  
 aEWM1 =    132.50700000000001     
 mdl_Gf =    1.1663900000000000E-005
 aS =   0.11799999999999999     
 mdl_ymb =    4.7000000000000002     
 mdl_ymt =    173.00000000000000     
 mdl_ymtau =    1.7769999999999999     
 mdl_MZ =    91.188000000000002     
 mdl_MT =    173.00000000000000     
 mdl_MB =    4.7000000000000002     
 mdl_MH =    125.00000000000000     
 mdl_MTA =    1.7769999999999999     
 mdl_WZ =    2.4414039999999999     
 mdl_WW =    2.0476000000000001     
 mdl_WT =    1.4915000000000000     
 mdl_WH =    6.3823389999999999E-003
  Internal Params
  ---------------------------------
  
 mdl_conjg__CKM1x1 =    1.0000000000000000     
 mdl_conjg__CKM3x3 =    1.0000000000000000     
 mdl_CKM3x3 =    1.0000000000000000     
 mdl_complexi =                (0.0000000000000000,1.0000000000000000)
 mdl_MZ__exp__2 =    8315.2513440000002     
 mdl_MZ__exp__4 =    69143404.913893804     
 mdl_sqrt__2 =    1.4142135623730951     
 mdl_MH__exp__2 =    15625.000000000000     
 mdl_aEW =    7.5467711139788835E-003
 mdl_MW =    80.419002445756163     
 mdl_sqrt__aEW =    8.6872153846781555E-002
 mdl_ee =   0.30795376724436879     
 mdl_MW__exp__2 =    6467.2159543705357     
 mdl_sw2 =   0.22224648578577766     
 mdl_cw =   0.88190334743339216     
 mdl_sqrt__sw2 =   0.47143025548407230     
 mdl_sw =   0.47143025548407230     
 mdl_g1 =   0.34919219678733299     
 mdl_gw =   0.65323293034757990     
 mdl_vev =    246.21845810181637     
 mdl_vev__exp__2 =    60623.529110035903     
 mdl_lam =   0.12886910601690263     
 mdl_yb =    2.6995554250465490E-002
 mdl_yt =   0.99366614581500623     
 mdl_ytau =    1.0206617000654717E-002
 mdl_muH =    88.388347648318430     
 mdl_I1x33 =          (2.69955542504654901E-002,0.0000000000000000)
 mdl_I2x33 =               (0.99366614581500623,0.0000000000000000)
 mdl_I3x33 =               (0.99366614581500623,0.0000000000000000)
 mdl_I4x33 =          (2.69955542504654901E-002,0.0000000000000000)
 mdl_ee__exp__2 =    9.4835522759998875E-002
 mdl_sw__exp__2 =   0.22224648578577769     
 mdl_cw__exp__2 =   0.77775351421422245     
  Internal Params evaluated point by point
  ----------------------------------------
  
 mdl_sqrt__aS =   0.34351128074635334     
 mdl_G__exp__2 =    1.4828317324943823     
  Couplings of sm
  ---------------------------------
  
         GC_3 =  -0.00000E+00  -0.30795E+00
        GC_50 =  -0.00000E+00  -0.28804E+00
        GC_59 =   0.00000E+00   0.82310E-01

 Collider parameters:
 --------------------

 Running at e e   machine @    350.00000000000000       GeV
 PDF set = none   
 alpha_s(Mz)= 0.1180 running at 2 loops.
 alpha_s(Mz)= 0.1180 running at 2 loops.
 Renormalization scale set on event-by-event basis
 Factorization   scale set on event-by-event basis


 getting user params
Enter number of events and max and min iterations: 
 Number of events and iterations         1000           5           3
Enter desired fractional accuracy: 
 Desired fractional accuracy:   0.10000000000000001     
Enter 0 for fixed, 2 for adjustable grid: 
Suppress amplitude (0 no, 1 yes)? 
 Using suppressed amplitude.
Exact helicity sum (0 yes, n = number/event)? 
 Explicitly summing over helicities
Enter Configuration Number: 
Running Configuration Number:   33
 Not subdividing B.W.
 Attempting mappinvarients           1           6
 Determine nb_t
 T-channel found:            1
 Completed mapping           6
 about to integrate            8        1000           5           3           8           1
 Using non-zero grid deformation.
  8 dimensions   1000 events  8 invarients  5 iterations  1 config(s),  (0.99)
 Using h-tuple random number sequence.
 Error opening grid
 Using Uniform Grid!          24
 Using uniform alpha   1.0000000000000000     
 Grid defined OK
 Masses: 0.000E+00 0.000E+00 0.000E+00 0.000E+00 0.000E+00 0.000E+00
 Set CM energy to        350.00
 Mapping Graph          33  to config          33
 Determine nb_t
 T-channel found:            1
Setting grid   1    0.10449E-03   1
Setting grid   2    0.10449E-03   1
Setting grid   3    0.32653E-02   1
Using random seed offsets    33 :      1
  with seed                   24
 Ranmar initialization seeds       31091        9398
 
 ********************************************
 * You are using the DiscreteSampler module *
 *      part of the MG5_aMC framework       *
 *         Author: Valentin Hirschi         *
 ********************************************
 
  Particle       3       4       5       6
      Et >    10.0    10.0    10.0    10.0
       E >     0.0     0.0     0.0     0.0
     Eta <     2.5     2.5     2.5     2.5
   xqcut:      0.0     0.0     0.0     0.0
d R # 3  >    -0.0     0.4     0.4     0.4
d R # 4  >    -0.0    -0.0     0.4     0.4
d R # 5  >    -0.0    -0.0    -0.0     0.4
s min # 3>     0.0     0.0     0.0     0.0
s min # 4>     0.0     0.0     0.0     0.0
s min # 5>     0.0     0.0     0.0     0.0
xqcutij # 3>     0.0     0.0     0.0     0.0
xqcutij # 4>     0.0     0.0     0.0     0.0
xqcutij # 5>     0.0     0.0     0.0     0.0
 alpha_s for scale    205.33381259195068       is   0.10516050006673391     
 RESET CUMULATIVE VARIABLE
 Iteration  1   Mean: 0.1801E-03 Abs mean: 0.1801E-03   Fluctuation:  0.266E-04   0.128E-01    20.5%
  1    0.1801E-03 0.1801E-03 +- 0.2656E-04      4.66
 Writing out events   1.7614425866906879E-007   4.6617452554244929     
 Relative summed weights:
  0.1418E+00  0.0000E+00
  0.2916E+00  0.0000E+00
  0.2777E+00  0.0000E+00
  0.2888E+00  0.0000E+00
 Relative number of events:
  0.2507E+00  0.0000E+00
  0.2507E+00  0.0000E+00
  0.2577E+00  0.0000E+00
  0.2408E+00  0.0000E+00
 Events:
         253           0
         253           0
         260           0
         243           0
 Iteration  2   Mean: 0.2055E-03 Abs mean: 0.2055E-03   Fluctuation:  0.218E-04   0.258E-01    39.6%
  2    0.2055E-03 0.2055E-03 +- 0.2182E-04      4.75
 Relative summed weights:
  0.2153E+00  0.0000E+00
  0.2572E+00  0.0000E+00
  0.3476E+00  0.0000E+00
  0.1798E+00  0.0000E+00
 Relative number of events:
  0.2426E+00  0.0000E+00
  0.2581E+00  0.0000E+00
  0.2611E+00  0.0000E+00
  0.2381E+00  0.0000E+00
 Events:
         485           0
         516           0
         522           0
         476           0
 Iteration  3   Mean: 0.2677E-03 Abs mean: 0.2677E-03   Fluctuation:  0.213E-04   0.507E-01    48.3%
  3    0.2677E-03 0.2677E-03 +- 0.2126E-04      5.02
 Relative summed weights:
  0.1981E+00  0.0000E+00
  0.2717E+00  0.0000E+00
  0.2604E+00  0.0000E+00
  0.2697E+00  0.0000E+00
 Relative number of events:
  0.2440E+00  0.0000E+00
  0.2503E+00  0.0000E+00
  0.2503E+00  0.0000E+00
  0.2555E+00  0.0000E+00
 Events:
         975           0
        1000           0
        1000           0
        1021           0
 Accuracy:    0.109   0.100   0.058   3.486
 Found          609  events.
 Wrote           35  events.
 Actual xsec    2.3515334947505796E-004
 Correct abs xsec    2.3515406839868508E-004
 Event xsec    2.3515406839868502E-004
 Events wgts > 1:            1
 % Cross section > 1:    2.4029419320087180E-013   1.0218585408161942E-007
 Iteration  4   Mean: 0.2588E-03 Abs mean: 0.2588E-03   Fluctuation:  0.742E-05   0.180E-01    53.5%
  4    0.2588E-03 0.2588E-03 +- 0.7419E-05      2.56
 Relative summed weights:
  0.2492E+00  0.0000E+00
  0.2314E+00  0.0000E+00
  0.2582E+00  0.0000E+00
  0.2613E+00  0.0000E+00
 Relative number of events:
  0.2416E+00  0.0000E+00
  0.2497E+00  0.0000E+00
  0.2535E+00  0.0000E+00
  0.2552E+00  0.0000E+00
 Events:
        1932           0
        1997           0
        2027           0
        2041           0
 Accuracy:    0.042   0.100   0.026   2.671
 Finished due to accuracy    4.2056789568380222E-002  0.10000000000000001     

 -------------------------------------------------------------------------------
 Accumulated results:   Integral =  0.2542E-03
                        Std dev  =  0.6542E-05
                       Cross sec =  0.2542E-03
             Chi**2 per DoF.     =      2.6714
 -------------------------------------------------------------------------------
 Found         1196  events.
 Wrote          236  events.
 Actual xsec    2.5656893640093936E-004
 Correct abs xsec    2.5656920481139631E-004
 Event xsec    2.5656920481139658E-004
 Events wgts > 1:            3
 % Cross section > 1:    2.6901948307578537E-006   1.0485260040211801     
-------------------------------------------------
---------------------------
 Results Last   3 iters: Integral =   0.2566E-03
                     Abs integral =   0.2566E-03
                          Std dev =   0.6705E-05
                  Chi**2 per DoF. =      2.9258
-------------------------------------------------
---------------------------
 Status  0.10000000000000001                5           5

ls status:
events.lhe
ftn26
input_app.txt
results.dat
run1_app.log
