 Process in group number            1
 No PDF is used, alpha_s(MZ) from param_card is used
 Value of alpha_s from param_card:   0.11799999999999999     
 The default order of alpha_s running is fixed to            2
 Define smin to   900.00000000000000     
 *****************************************************
 *               MadGraph/MadEvent                   *
 *        --------------------------------           *
 *          http://madgraph.hep.uiuc.edu             *
 *          http://madgraph.phys.ucl.ac.be           *
 *          http://madgraph.roma2.infn.it            *
 *        --------------------------------           *
 *                                                   *
 *          PARAMETER AND COUPLING VALUES            *
 *                                                   *
 *****************************************************

  External Params
  ---------------------------------
  
 aEWM1 =    132.50700000000001     
 mdl_Gf =    1.1663900000000000E-005
 aS =   0.11799999999999999     
 mdl_ymb =    4.7000000000000002     
 mdl_ymt =    173.00000000000000     
 mdl_ymtau =    1.7769999999999999     
 mdl_MZ =    91.188000000000002     
 mdl_MT =    173.00000000000000     
 mdl_MB =    4.7000000000000002     
 mdl_MH =    125.00000000000000     
 mdl_MTA =    1.7769999999999999     
 mdl_WZ =    2.4414039999999999     
 mdl_WW =    2.0476000000000001     
 mdl_WT =    1.4915000000000000     
 mdl_WH =    6.3823389999999999E-003
  Internal Params
  ---------------------------------
  
 mdl_conjg__CKM1x1 =    1.0000000000000000     
 mdl_conjg__CKM3x3 =    1.0000000000000000     
 mdl_CKM3x3 =    1.0000000000000000     
 mdl_complexi =                (0.0000000000000000,1.0000000000000000)
 mdl_MZ__exp__2 =    8315.2513440000002     
 mdl_MZ__exp__4 =    69143404.913893804     
 mdl_sqrt__2 =    1.4142135623730951     
 mdl_MH__exp__2 =    15625.000000000000     
 mdl_aEW =    7.5467711139788835E-003
 mdl_MW =    80.419002445756163     
 mdl_sqrt__aEW =    8.6872153846781555E-002
 mdl_ee =   0.30795376724436879     
 mdl_MW__exp__2 =    6467.2159543705357     
 mdl_sw2 =   0.22224648578577766     
 mdl_cw =   0.88190334743339216     
 mdl_sqrt__sw2 =   0.47143025548407230     
 mdl_sw =   0.47143025548407230     
 mdl_g1 =   0.34919219678733299     
 mdl_gw =   0.65323293034757990     
 mdl_vev =    246.21845810181637     
 mdl_vev__exp__2 =    60623.529110035903     
 mdl_lam =   0.12886910601690263     
 mdl_yb =    2.6995554250465490E-002
 mdl_yt =   0.99366614581500623     
 mdl_ytau =    1.0206617000654717E-002
 mdl_muH =    88.388347648318430     
 mdl_I1x33 =          (2.69955542504654901E-002,0.0000000000000000)
 mdl_I2x33 =               (0.99366614581500623,0.0000000000000000)
 mdl_I3x33 =               (0.99366614581500623,0.0000000000000000)
 mdl_I4x33 =          (2.69955542504654901E-002,0.0000000000000000)
 mdl_ee__exp__2 =    9.4835522759998875E-002
 mdl_sw__exp__2 =   0.22224648578577769     
 mdl_cw__exp__2 =   0.77775351421422245     
  Internal Params evaluated point by point
  ----------------------------------------
  
 mdl_sqrt__aS =   0.34351128074635334     
 mdl_G__exp__2 =    1.4828317324943823     
  Couplings of sm
  ---------------------------------
  
         GC_3 =  -0.00000E+00  -0.30795E+00
        GC_50 =  -0.00000E+00  -0.28804E+00
        GC_59 =   0.00000E+00   0.82310E-01

 Collider parameters:
 --------------------

 Running at e e   machine @    350.00000000000000       GeV
 PDF set = none   
 alpha_s(Mz)= 0.1180 running at 2 loops.
 alpha_s(Mz)= 0.1180 running at 2 loops.
 Renormalization scale set on event-by-event basis
 Factorization   scale set on event-by-event basis


 getting user params
Enter number of events and max and min iterations: 
 Number of events and iterations         1000           5           3
Enter desired fractional accuracy: 
 Desired fractional accuracy:   0.10000000000000001     
Enter 0 for fixed, 2 for adjustable grid: 
Suppress amplitude (0 no, 1 yes)? 
 Using suppressed amplitude.
Exact helicity sum (0 yes, n = number/event)? 
 Explicitly summing over helicities
Enter Configuration Number: 
Running Configuration Number:    1
 Not subdividing B.W.
 Attempting mappinvarients           1           6
 Determine nb_t
 T-channel found:            0
 Completed mapping           6
 about to integrate            8        1000           5           3           8           1
 Using non-zero grid deformation.
  8 dimensions   1000 events  8 invarients  5 iterations  1 config(s),  (0.99)
 Using h-tuple random number sequence.
 Error opening grid
 Using Uniform Grid!          24
 Using uniform alpha   1.0000000000000000     
 Grid defined OK
 Masses: 0.000E+00 0.000E+00 0.000E+00 0.000E+00 0.000E+00 0.000E+00
 Set CM energy to        350.00
 Mapping Graph           1  to config           1
 Determine nb_t
 T-channel found:            0
Setting grid   1    0.10449E-03   1
Setting grid   2    0.10449E-03   1
Setting grid   3    0.10449E-03   1
Using random seed offsets     1 :      1
  with seed                   24
 Ranmar initialization seeds       31059        9398
 
 ********************************************
 * You are using the DiscreteSampler module *
 *      part of the MG5_aMC framework       *
 *         Author: Valentin Hirschi         *
 ********************************************
 
  Particle       3       4       5       6
      Et >    10.0    10.0    10.0    10.0
       E >     0.0     0.0     0.0     0.0
     Eta <     2.5     2.5     2.5     2.5
   xqcut:      0.0     0.0     0.0     0.0
d R # 3  >    -0.0     0.4     0.4     0.4
d R # 4  >    -0.0    -0.0     0.4     0.4
d R # 5  >    -0.0    -0.0    -0.0     0.4
s min # 3>     0.0     0.0     0.0     0.0
s min # 4>     0.0     0.0     0.0     0.0
s min # 5>     0.0     0.0     0.0     0.0
xqcutij # 3>     0.0     0.0     0.0     0.0
xqcutij # 4>     0.0     0.0     0.0     0.0
xqcutij # 5>     0.0     0.0     0.0     0.0
 alpha_s for scale    262.99461340183865       is   0.10179354372892922     
 RESET CUMULATIVE VARIABLE
 Iteration  1   Mean: 0.5415E-05 Abs mean: 0.5415E-05   Fluctuation:  0.395E-05   0.392E-02    36.1%
  1    0.5415E-05 0.5415E-05 +- 0.3952E-05     23.08
 Writing out events   2.9965539908915788E-009   23.078607018401232     
 Relative summed weights:
  0.4190E-01  0.0000E+00
  0.4050E-01  0.0000E+00
  0.7139E-02  0.0000E+00
  0.4082E-01  0.0000E+00
  0.8614E-01  0.0000E+00
  0.7714E+00  0.0000E+00
  0.6675E-02  0.0000E+00
  0.5410E-02  0.0000E+00
 Relative number of events:
  0.1794E+00  0.0000E+00
  0.8424E-01  0.0000E+00
  0.8622E-01  0.0000E+00
  0.1526E+00  0.0000E+00
  0.1665E+00  0.0000E+00
  0.8622E-01  0.0000E+00
  0.1615E+00  0.0000E+00
  0.8325E-01  0.0000E+00
 Events:
         181           0
          85           0
          87           0
         154           0
         168           0
          87           0
         163           0
          84           0
 Iteration  2   Mean: 0.2639E-05 Abs mean: 0.2639E-05   Fluctuation:  0.648E-06   0.844E-03    42.3%
  2    0.2639E-05 0.2639E-05 +- 0.6479E-06     10.98
 Relative summed weights:
  0.2203E+00  0.0000E+00
  0.1586E+00  0.0000E+00
  0.4781E-01  0.0000E+00
  0.1340E+00  0.0000E+00
  0.1082E+00  0.0000E+00
  0.8796E-01  0.0000E+00
  0.2170E+00  0.0000E+00
  0.2609E-01  0.0000E+00
 Relative number of events:
  0.1617E+00  0.0000E+00
  0.8513E-01  0.0000E+00
  0.9214E-01  0.0000E+00
  0.1637E+00  0.0000E+00
  0.1617E+00  0.0000E+00
  0.9514E-01  0.0000E+00
  0.1627E+00  0.0000E+00
  0.7762E-01  0.0000E+00
 Events:
         323           0
         170           0
         184           0
         327           0
         323           0
         190           0
         325           0
         155           0
 Iteration  3   Mean: 0.2862E-05 Abs mean: 0.2862E-05   Fluctuation:  0.354E-06   0.998E-03    38.6%
  3    0.2862E-05 0.2862E-05 +- 0.3544E-06      7.83
 Relative summed weights:
  0.1384E+00  0.0000E+00
  0.1073E+00  0.0000E+00
  0.1056E+00  0.0000E+00
  0.8989E-01  0.0000E+00
  0.2193E+00  0.0000E+00
  0.9559E-01  0.0000E+00
  0.7613E-01  0.0000E+00
  0.1678E+00  0.0000E+00
 Relative number of events:
  0.1574E+00  0.0000E+00
  0.8907E-01  0.0000E+00
  0.9107E-01  0.0000E+00
  0.1586E+00  0.0000E+00
  0.1584E+00  0.0000E+00
  0.9532E-01  0.0000E+00
  0.1606E+00  0.0000E+00
  0.8957E-01  0.0000E+00
 Events:
         629           0
         356           0
         364           0
         634           0
         633           0
         381           0
         642           0
         358           0
 Accuracy:    0.097   0.100   0.109   0.789
 Finished due to accuracy    9.7119411160750402E-002  0.10000000000000001     

 -------------------------------------------------------------------------------
 Accumulated results:   Integral =  0.2875E-05
                        Std dev  =  0.3143E-06
                       Cross sec =  0.2875E-05
             Chi**2 per DoF.     =      0.7891
 -------------------------------------------------------------------------------
 Found          379  events.
 Wrote           12  events.
 Actual xsec    2.8750010877375427E-006
 Correct abs xsec    2.8750197041138746E-006
 Event xsec    2.8750197041138729E-006
 Events wgts > 1:            0
 % Cross section > 1:    0.0000000000000000        0.0000000000000000     
-------------------------------------------------
---------------------------
 Results Last   3 iters: Integral =   0.2875E-05
                     Abs integral =   0.2875E-05
                          Std dev =   0.3143E-06
                  Chi**2 per DoF. =      0.2735
-------------------------------------------------
---------------------------
 Status  0.10000000000000001                4           5

ls status:
events.lhe
ftn26
input_app.txt
results.dat
run1_app.log
